#-----------------------------------------------------------
# Vivado v2015.2 (64-bit)
# SW Build 1266856 on Fri Jun 26 16:35:25 MDT 2015
# IP Build 1264090 on Wed Jun 24 14:22:01 MDT 2015
# Start of session at: Wed Jun 27 22:46:21 2018
# Process ID: 8092
# Log file: D:/The Second Semester/Digital Circuits and Logical Design Laboratory/Final Assignment/vivado/vivado.log
# Journal file: D:/The Second Semester/Digital Circuits and Logical Design Laboratory/Final Assignment/vivado\vivado.jou
#-----------------------------------------------------------
start_gui
open_project {D:/The Second Semester/Digital Circuits and Logical Design Laboratory/Final Assignment/vivado/project_1.xpr}
open_bd_design {D:/The Second Semester/Digital Circuits and Logical Design Laboratory/Final Assignment/vivado/project_1.srcs/sources_1/bd/design_1/design_1.bd}
set_property location {2 410 142} [get_bd_cells decimal_counter_4]
set_property location {2 429 145} [get_bd_cells decimal_counter_4]
set_property location {2 418 134} [get_bd_cells decimal_counter_4]
save_bd_design
reset_run impl_1
launch_runs impl_1 -jobs 2
wait_on_run impl_1
launch_runs impl_1 -to_step write_bitstream -jobs 2
wait_on_run impl_1
open_hw
connect_hw_server
open_hw_target [lindex [get_hw_targets -of_objects [get_hw_servers localhost]] 0]
set_property PROGRAM.FILE {D:/The Second Semester/Digital Circuits and Logical Design Laboratory/Final Assignment/vivado/project_1.runs/impl_1/design_1_wrapper.bit} [lindex [get_hw_devices] 0]
current_hw_device [lindex [get_hw_devices] 0]
refresh_hw_device -update_hw_probes false [lindex [get_hw_devices] 0]
set_property PROBES.FILE {} [lindex [get_hw_devices] 0]
set_property PROGRAM.FILE {D:/The Second Semester/Digital Circuits and Logical Design Laboratory/Final Assignment/vivado/project_1.runs/impl_1/design_1_wrapper.bit} [lindex [get_hw_devices] 0]
program_hw_devices [lindex [get_hw_devices] 0]
refresh_hw_device [lindex [get_hw_devices] 0]
